// Jest Snapshot v1, https://goo.gl/fbAQLP

exports[`AutoComplete Test test render 1`] = `"<div class=\\"sc-bdfBwQ gWPNlw\\"><div style=\\"display:block;width:200vw;height:200vh;background-color:transparent;position:fixed;z-index:0;top:0;left:0\\"></div><div><input type=\\"text\\" id=\\"autocomplete-input\\" autoComplete=\\"off\\" value=\\"\\" placeholder=\\"\\" class=\\"sc-gsTCUz sc-gKsewC fBmtzO fQcUuh\\"/><span class=\\"sc-dlfnbm lkQlkV\\"><svg stroke=\\"currentColor\\" fill=\\"currentColor\\" stroke-width=\\"0\\" viewBox=\\"0 0 16 16\\" height=\\"1em\\" width=\\"1em\\" xmlns=\\"http://www.w3.org/2000/svg\\"><path fill-rule=\\"evenodd\\" d=\\"M11.854 4.146a.5.5 0 010 .708l-7 7a.5.5 0 01-.708-.708l7-7a.5.5 0 01.708 0z\\" clip-rule=\\"evenodd\\"></path><path fill-rule=\\"evenodd\\" d=\\"M4.146 4.146a.5.5 0 000 .708l7 7a.5.5 0 00.708-.708l-7-7a.5.5 0 00-.708 0z\\" clip-rule=\\"evenodd\\"></path></svg></span></div></div>"`;

exports[`AutoComplete Test test render with clear icon 1`] = `"<div class=\\"sc-bdfBwQ gWPNlw\\"><div style=\\"display:block;width:200vw;height:200vh;background-color:transparent;position:fixed;z-index:0;top:0;left:0\\"></div><div><input type=\\"text\\" id=\\"autocomplete-input\\" autoComplete=\\"off\\" value=\\"\\" placeholder=\\"input here\\" class=\\"sc-gsTCUz sc-gKsewC fBmtzO fQcUuh\\"/><span class=\\"sc-dlfnbm fYUQzM\\"><svg stroke=\\"currentColor\\" fill=\\"currentColor\\" stroke-width=\\"0\\" viewBox=\\"0 0 16 16\\" height=\\"1em\\" width=\\"1em\\" xmlns=\\"http://www.w3.org/2000/svg\\"><path fill-rule=\\"evenodd\\" d=\\"M11.854 4.146a.5.5 0 010 .708l-7 7a.5.5 0 01-.708-.708l7-7a.5.5 0 01.708 0z\\" clip-rule=\\"evenodd\\"></path><path fill-rule=\\"evenodd\\" d=\\"M4.146 4.146a.5.5 0 000 .708l7 7a.5.5 0 00.708-.708l-7-7a.5.5 0 00-.708 0z\\" clip-rule=\\"evenodd\\"></path></svg></span></div></div>"`;
